// Jest Snapshot v1, https://goo.gl/fbAQLP

exports[`<BakedBiscuit /> should match snapshot 1`] = `
<div>
  <div
    class="bakedBiscuit"
    style="margin: 65px 0px 0px 0px; position: absolute; padding-left: 25px; z-index: -1;"
  >
    Baked
  </div>
</div>
`;
